==========================================
reduce in ENTAGLE-SWAP-CHECK : modelCheck(init, teleEntangle) .
result Bool: true
Bye.
