==========================================
reduce in GATE-TELEPORT-CHECK : modelCheck(init, gateProp) .
result Bool: true
Bye.
