==========================================
reduce in NETWORK-CODING-CHECK : modelCheck(init, networkProp) .
result Bool: true
Bye.
