==========================================
reduce in TELEPORT-CHECK : modelCheck(init, teleProp) .
result Bool: true
==========================================
search in TELEPORT : init =>* {OCs:Soup{OComp} qstate: Q:Qubit prob: P:Scalar
    isEnd: true} such that P:Scalar > 0 and qubitAt(Q:Qubit, 2) == qubitAt(
    initState, 0) = true .

OCs:Soup{OComp} --> bits: (0 |-> 0, 1 |-> 0) actions: nil
Q:Qubit --> q[0 1 2]: a . |0>(x)|0>(x)|0> + b . |0>(x)|0>(x)|1>
P:Scalar --> 1/4

OCs:Soup{OComp} --> bits: (0 |-> 0, 1 |-> 1) actions: nil
Q:Qubit --> q[0 1 2]: a . |0>(x)|1>(x)|0> + b . |0>(x)|1>(x)|1>
P:Scalar --> 1/4

OCs:Soup{OComp} --> bits: (0 |-> 1, 1 |-> 0) actions: nil
Q:Qubit --> q[0 1 2]: a . |1>(x)|0>(x)|0> + b . |1>(x)|0>(x)|1>
P:Scalar --> 1/4

OCs:Soup{OComp} --> bits: (0 |-> 1, 1 |-> 1) actions: nil
Q:Qubit --> q[0 1 2]: a . |1>(x)|1>(x)|0> + b . |1>(x)|1>(x)|1>
P:Scalar --> 1/4

No more solutions.
Bye.
