==========================================
reduce in TWO-TELEPORT-CHECK : modelCheck(init, twoteleProp) .
result Bool: true
Bye.
