Reading in file: "symbolic-reasoning.maude"
Reading in file: "core.maude"
==========================================
fmod COMPLEX
==========================================
fmod DIRAC
==========================================
fmod MATRIX
Done reading in file: "core.maude"
==========================================
fmod STATES-AND-PROB
==========================================
view State&Prob
==========================================
fmod ENSEMBLE
==========================================
fmod MIXED-STATES
==========================================
fmod BIT
==========================================
fmod ACTION
==========================================
view Action
==========================================
fmod ACTION-LIST
==========================================
fmod QUANTUM-GATES
==========================================
fmod SYMBOLIC-REASONING
Done reading in file: "symbolic-reasoning.maude"
==========================================
fmod SOUP
==========================================
fmod OCOMP
==========================================
view OComp
==========================================
fmod CONFIG
==========================================
mod CIRCUIT
==========================================
reduce in SUPERDENSE-CHECK : modelCheck(init0, gateIProp) .
result Bool: true
==========================================
reduce in SUPERDENSE-CHECK : modelCheck(init1, gateXProp) .
result Bool: true
==========================================
reduce in SUPERDENSE-CHECK : modelCheck(init2, gateYProp) .
result Bool: true
==========================================
reduce in SUPERDENSE-CHECK : modelCheck(init3, gateZProp) .
result Bool: true
Bye.
